
Allocating common symbols
Common symbol       size              file

netbufpool          0x4               binaries/net.o
readylist           0x2               binaries/ready.o
rfltab              0x5a0             binaries/rflinit.o
netportseed         0x8               binaries/net.o
sleepq              0x2               binaries/clkinit.o
sem                 0x4               binaries/main.o
nnames              0x4               binaries/naminit.o
udptab              0x168             binaries/udp.o
minheap             0x4               binaries/meminit.o
marks               0x50              binaries/mark.o
currpid             0x4               binaries/initialize.o
Lf_data             0x20c             binaries/lfsinit.o
porttab             0x2d0             binaries/ptinit.o
girmask             0x2               binaries/evec.o
ttytab              0x110             binaries/ttyinit.o
sem_resource2       0x4               binaries/main.o
proctab             0x15e0            binaries/initialize.o
sem2                0x4               binaries/main.o
prcount             0x4               binaries/initialize.o
lfltab              0xf00             binaries/lflinit.o
rdstab              0x8c              binaries/rdsinit.o
ethertab            0x138             binaries/ethinit.o
NetData             0xb0              binaries/net.o
nmarks              0x4               binaries/mark.o
Defer               0x8               binaries/resched.o
semtab              0x7d0             binaries/initialize.o
systemGraph         0x4               binaries/addEdge.o
maxheap             0x4               binaries/meminit.o
preempt             0x4               binaries/clkinit.o
buftab              0xf0              binaries/bufinit.o
Rf_data             0x18              binaries/rfsinit.o
mkmutex             0x4               binaries/mark.o
sem_resource1       0x4               binaries/main.o
clktime             0x4               binaries/clkinit.o
arpcache            0x140             binaries/arp.o
icmptab             0x230             binaries/icmp.o
nbpools             0x4               binaries/bufinit.o
queuetab            0x980             binaries/queue.o
ptnextid            0x4               binaries/ptinit.o
Ram                 0x19000           binaries/raminit.o
ipoqueue            0x2c              binaries/ip.o
memlist             0x8               binaries/initialize.o
nametab             0x19a0            binaries/naminit.o
ptfree              0x4               binaries/ptinit.o

Memory Configuration

Name             Origin             Length             Attributes
*default*        0x0000000000000000 0xffffffffffffffff

Linker script and memory map

                0x0000000000100000                physbase = 0x100000
                0x0000000000100000                . = physbase
                0x0000000000100000                . = ALIGN (0x1000)

.text           0x0000000000100000    0x1a000
                0x0000000000100000                text = ABSOLUTE (.)
 *(.text .text.*)
 .text          0x0000000000100000      0x1b4 binaries/start.o
                0x0000000000100024                start
                0x00000000001000f6                inb
                0x00000000001000fe                inw
                0x0000000000100107                inl
                0x000000000010010f                outb
                0x0000000000100119                outw
                0x0000000000100124                outl
                0x000000000010012e                _rtcin
                0x0000000000100139                ___udivsi3
                0x0000000000100144                ___divsi3
                0x0000000000100150                sbzero
                0x0000000000100160                insw
                0x0000000000100176                outsw
                0x000000000010018c                bcopy
                0x00000000001001a0                lidt
                0x00000000001001a8                cpuid
 .text          0x00000000001001b4       0x67 binaries/addEdge.o
                0x00000000001001b4                addEdge
 .text          0x000000000010021b      0x405 binaries/ascdate.o
                0x000000000010021b                ascdate
 .text          0x0000000000100620       0x14 binaries/bufinit.o
                0x0000000000100620                bufinit
 .text          0x0000000000100634       0x8d binaries/chprio.o
                0x0000000000100634                chprio
 .text          0x00000000001006c1       0x96 binaries/clkhandler.o
                0x00000000001006c1                clkhandler
 .text          0x0000000000100757       0x89 binaries/clkinit.o
                0x0000000000100757                clkinit
 .text          0x00000000001007e0       0x6a binaries/close.o
                0x00000000001007e0                close
 .text          0x000000000010084a        0x0 binaries/conf.o
 .text          0x000000000010084a       0x7f binaries/control.o
                0x000000000010084a                control
 .text          0x00000000001008c9      0x2b4 binaries/create.o
                0x00000000001008c9                create
 .text          0x0000000000100b7d       0x5e binaries/createGraph.o
                0x0000000000100b7d                createGraph
 .text          0x0000000000100bdb       0x2c binaries/createNode.o
                0x0000000000100bdb                createNode
 .text          0x0000000000100c07       0x59 binaries/deleteAllEdges.o
                0x0000000000100c07                deleteAllEdges
 .text          0x0000000000100c60       0xb0 binaries/deleteOwner.o
                0x0000000000100c60                deleteOwner
 .text          0x0000000000100d10      0x1c3 binaries/detectCycle.o
                0x0000000000100d10                detectCycle
                0x0000000000100dd3                cycleDetectionHelper
 .text          0x0000000000100ed3      0x35f binaries/early_imr.o
                0x0000000000100ed3                intel_cln_early_sb_read_reg
                0x0000000000100f57                intel_cln_early_sb_write_reg
                0x000000000010116f                remove_irm_protections
 .text          0x0000000000101232       0x42 binaries/edgeExists.o
                0x0000000000101232                edgeExists
 .text          0x0000000000101274      0x479 binaries/evec.o
                0x0000000000101274                initevec
                0x0000000000101392                set_evec
                0x0000000000101434                setirmask
                0x000000000010148e                trap
 .text          0x00000000001016ed       0x15 binaries/exit.o
                0x00000000001016ed                exit
 .text          0x0000000000101702       0x82 binaries/freebuf.o
                0x0000000000101702                freebuf
 .text          0x0000000000101784      0x167 binaries/freemem.o
                0x0000000000101784                freemem
 .text          0x00000000001018eb       0x80 binaries/getbuf.o
                0x00000000001018eb                getbuf
 .text          0x000000000010196b       0x6a binaries/getc.o
                0x000000000010196b                getc
 .text          0x00000000001019d5       0x72 binaries/getdev.o
                0x00000000001019d5                getdev
 .text          0x0000000000101a47       0xc8 binaries/getitem.o
                0x0000000000101a47                getfirst
                0x0000000000101a88                getlast
                0x0000000000101acb                getitem
 .text          0x0000000000101b0f       0xfb binaries/getmem.o
                0x0000000000101b0f                getmem
 .text          0x0000000000101c0a        0xa binaries/getpid.o
                0x0000000000101c0a                getpid
 .text          0x0000000000101c14       0x75 binaries/getprio.o
                0x0000000000101c14                getprio
 .text          0x0000000000101c89       0xf2 binaries/getstk.o
                0x0000000000101c89                getstk
 .text          0x0000000000101d7b       0x16 binaries/getticks.o
                0x0000000000101d7b                getticks
 .text          0x0000000000101d91       0x36 binaries/gettime.o
                0x0000000000101d91                gettime
 .text          0x0000000000101dc7      0x1f9 binaries/getutime.o
                0x0000000000101dc7                getutime
 .text          0x0000000000101fc0       0x6a binaries/init.o
                0x0000000000101fc0                init
 .text          0x000000000010202a      0x366 binaries/initialize.o
                0x000000000010202a                nulluser
                0x000000000010233b                stop
                0x0000000000102362                delay
 .text          0x0000000000102390       0xdd binaries/insert.o
                0x0000000000102390                insert
 .text          0x000000000010246d      0x10f binaries/insertd.o
                0x000000000010246d                insertd
 .text          0x000000000010257c        0xa binaries/ioerr.o
                0x000000000010257c                ioerr
 .text          0x0000000000102586        0xa binaries/ionull.o
                0x0000000000102586                ionull
 .text          0x0000000000102590      0x18a binaries/kill.o
                0x0000000000102590                kill
 .text          0x000000000010271a      0x12f binaries/kprintf.o
                0x000000000010271a                kputc
                0x000000000010279f                kgetc
                0x000000000010281c                kprintf
 .text          0x0000000000102849      0x159 binaries/main.o
                0x0000000000102849                process1
                0x00000000001028a9                process2
                0x0000000000102908                main
 .text          0x00000000001029a2       0xac binaries/mark.o
                0x00000000001029a2                markinit
                0x00000000001029c5                mark
 .text          0x0000000000102a4e      0x2ca binaries/meminit.o
                0x0000000000102a4e                meminit
                0x0000000000102c70                setsegs
 .text          0x0000000000102d18      0x15f binaries/mkbufpool.o
                0x0000000000102d18                mkbufpool
 .text          0x0000000000102e77       0x94 binaries/newqueue.o
                0x0000000000102e77                newqueue
 .text          0x0000000000102f0b       0x78 binaries/open.o
                0x0000000000102f0b                open
 .text          0x0000000000102f83       0x20 binaries/panic.o
                0x0000000000102f83                panic
 .text          0x0000000000102fa3      0x48b binaries/pci.o
                0x0000000000102fa3                pci_init
                0x000000000010302d                find_pci_device
                0x000000000010312c                pci_read_config_byte
                0x0000000000103198                pci_read_config_word
                0x0000000000103206                pci_read_config_dword
                0x0000000000103272                pci_write_config_byte
                0x00000000001032e2                pci_write_config_word
                0x0000000000103354                pci_write_config_dword
                0x00000000001033be                pci_get_dev_mmio_base_addr
 .text          0x000000000010342e       0xdd binaries/platinit.o
                0x000000000010342e                cpu_is_quark
                0x000000000010344b                console_init
                0x000000000010349e                platinit
 .text          0x000000000010350b       0xe6 binaries/ptclear.o
                0x000000000010350b                _ptclear
 .text          0x00000000001035f1       0x8f binaries/ptcount.o
                0x00000000001035f1                ptcount
 .text          0x0000000000103680      0x105 binaries/ptcreate.o
                0x0000000000103680                ptcreate
 .text          0x0000000000103785       0x80 binaries/ptdelete.o
                0x0000000000103785                ptdelete
 .text          0x0000000000103805       0xb7 binaries/ptinit.o
                0x0000000000103805                ptinit
 .text          0x00000000001038bc      0x10a binaries/ptrecv.o
                0x00000000001038bc                ptrecv
 .text          0x00000000001039c6       0x78 binaries/ptreset.o
                0x00000000001039c6                ptreset
 .text          0x0000000000103a3e      0x128 binaries/ptsend.o
                0x0000000000103a3e                ptsend
 .text          0x0000000000103b66       0x78 binaries/putc.o
                0x0000000000103b66                putc
 .text          0x0000000000103bde       0xdf binaries/quark_irq.o
                0x0000000000103bde                quark_irq_routing
 .text          0x0000000000103cbd      0x206 binaries/quark_pdat.o
                0x0000000000103cbd                get_quark_pdat_entry_data_by_id
                0x0000000000103db9                get_quark_pdat_entry_data_by_desc
 .text          0x0000000000103ec3      0x10c binaries/queue.o
                0x0000000000103ec3                enqueue
                0x0000000000103f66                dequeue
 .text          0x0000000000103fcf       0x78 binaries/read.o
                0x0000000000103fcf                read
 .text          0x0000000000104047       0x81 binaries/ready.o
                0x0000000000104047                ready
 .text          0x00000000001040c8       0x5f binaries/receive.o
                0x00000000001040c8                receive
 .text          0x0000000000104127       0x5b binaries/recvclr.o
                0x0000000000104127                recvclr
 .text          0x0000000000104182       0xba binaries/recvtime.o
                0x0000000000104182                recvtime
 .text          0x000000000010423c      0x169 binaries/resched.o
                0x000000000010423c                resched
                0x0000000000104330                resched_cntl
 .text          0x00000000001043a5       0xa4 binaries/resume.o
                0x00000000001043a5                resume
 .text          0x0000000000104449       0x71 binaries/seek.o
                0x0000000000104449                seek
 .text          0x00000000001044ba       0x6b binaries/semcount.o
                0x00000000001044ba                semcount
 .text          0x0000000000104525      0x10e binaries/semcreate.o
                0x0000000000104525                semcreate
 .text          0x0000000000104633       0xbb binaries/semdelete.o
                0x0000000000104633                semdelete
 .text          0x00000000001046ee       0xbe binaries/semreset.o
                0x00000000001046ee                semreset
 .text          0x00000000001047ac       0xda binaries/send.o
                0x00000000001047ac                send
 .text          0x0000000000104886       0xc6 binaries/signal.o
                0x0000000000104886                signal
 .text          0x000000000010494c       0xc4 binaries/signaln.o
                0x000000000010494c                signaln
 .text          0x0000000000104a10       0xe5 binaries/sleep.o
                0x0000000000104a10                sleep
                0x0000000000104a5a                sleepms
 .text          0x0000000000104af5      0x1c3 binaries/stacktrace.o
                0x0000000000104af5                stacktrace
 .text          0x0000000000104cb8       0xda binaries/suspend.o
                0x0000000000104cb8                suspend
 .text          0x0000000000104d92       0x2e binaries/test1.o
                0x0000000000104d92                test1
 .text          0x0000000000104dc0       0x1f binaries/test2.o
                0x0000000000104dc0                test2
 .text          0x0000000000104ddf       0x13 binaries/test.o
                0x0000000000104ddf                test
 .text          0x0000000000104df2       0xdc binaries/unsleep.o
                0x0000000000104df2                unsleep
 .text          0x0000000000104ece       0x15 binaries/userret.o
                0x0000000000104ece                userret
 .text          0x0000000000104ee3      0x271 binaries/wait.o
                0x0000000000104ee3                wait
 .text          0x0000000000105154       0x68 binaries/wakeup.o
                0x0000000000105154                wakeup
 .text          0x00000000001051bc       0x78 binaries/write.o
                0x00000000001051bc                write
 .text          0x0000000000105234       0x19 binaries/xdone.o
                0x0000000000105234                xdone
 .text          0x000000000010524d       0x25 binaries/yield.o
                0x000000000010524d                yield
 .text          0x0000000000105272       0x11 binaries/abs.o
                0x0000000000105272                abs
 .text          0x0000000000105283       0x8f binaries/atoi.o
                0x0000000000105283                atoi
 .text          0x0000000000105312       0x8f binaries/atol.o
                0x0000000000105312                atol
 .text          0x00000000001053a1       0x31 binaries/bzero.o
                0x00000000001053a1                bzero
 .text          0x00000000001053d2        0x0 binaries/ctype_.o
 .text          0x00000000001053d2      0x8f8 binaries/doprnt.o
                0x00000000001053d2                _doprnt
 .text          0x0000000000105cca      0x6a2 binaries/doscan.o
                0x0000000000105cca                _doscan
 .text          0x000000000010636c      0x723 binaries/fdoprnt.o
                0x000000000010636c                _fdoprnt
 .text          0x0000000000106a8f       0x26 binaries/fgetc.o
                0x0000000000106a8f                fgetc
 .text          0x0000000000106ab5       0x72 binaries/fgets.o
                0x0000000000106ab5                fgets
 .text          0x0000000000106b27       0x34 binaries/fprintf.o
                0x0000000000106b27                fprintf
 .text          0x0000000000106b5b       0x2c binaries/fputc.o
                0x0000000000106b5b                fputc
 .text          0x0000000000106b87       0x43 binaries/fputs.o
                0x0000000000106b87                fputs
 .text          0x0000000000106bca       0x92 binaries/fscanf.o
                0x0000000000106bca                fscanf
 .text          0x0000000000106c5c       0x2c binaries/getchar.o
                0x0000000000106c5c                getchar
 .text          0x0000000000106c88       0x11 binaries/labs.o
                0x0000000000106c88                labs
 .text          0x0000000000106c99        0x0 binaries/memchr.o
 .text          0x0000000000106c99       0x51 binaries/memcmp.o
                0x0000000000106c99                memcmp
 .text          0x0000000000106cea       0x3f binaries/memcpy.o
                0x0000000000106cea                memcpy
 .text          0x0000000000106d29       0x30 binaries/memset.o
                0x0000000000106d29                memset
 .text          0x0000000000106d59       0x4f binaries/printf.o
                0x0000000000106d59                printf
 .text          0x0000000000106da8       0x33 binaries/putchar.o
                0x0000000000106da8                putchar
 .text          0x0000000000106ddb      0x28c binaries/qsort.o
                0x0000000000106ddb                qsort
 .text          0x0000000000107067       0x5f binaries/rand.o
                0x0000000000107067                rand
                0x000000000010707b                rand_r
                0x00000000001070b9                srand
 .text          0x00000000001070c6       0x6f binaries/sprintf.o
                0x00000000001070c6                sprintf
 .text          0x0000000000107135       0x7f binaries/sscanf.o
                0x0000000000107135                sscanf
 .text          0x00000000001071b4       0x3c binaries/strchr.o
                0x00000000001071b4                strchr
 .text          0x00000000001071f0       0x45 binaries/strcmp.o
                0x00000000001071f0                strcmp
 .text          0x0000000000107235       0x27 binaries/strcpy.o
                0x0000000000107235                strcpy
 .text          0x000000000010725c       0x26 binaries/strlen.o
                0x000000000010725c                strlen
 .text          0x0000000000107282       0x56 binaries/strncat.o
                0x0000000000107282                strncat
 .text          0x00000000001072d8       0x5e binaries/strncmp.o
                0x00000000001072d8                strncmp
 .text          0x0000000000107336       0x4f binaries/strncpy.o
                0x0000000000107336                strncpy
 .text          0x0000000000107385       0x2e binaries/strnlen.o
                0x0000000000107385                strnlen
 .text          0x00000000001073b3       0x45 binaries/strrchr.o
                0x00000000001073b3                strrchr
 .text          0x00000000001073f8       0x6d binaries/strstr.o
                0x00000000001073f8                strstr
 .text          0x0000000000107465       0xd8 binaries/ttycontrol.o
                0x0000000000107465                ttycontrol
 .text          0x000000000010753d       0x93 binaries/ttygetc.o
                0x000000000010753d                ttygetc
 .text          0x00000000001075d0      0x741 binaries/ttyhandle_in.o
                0x00000000001075d0                ttyhandle_in
 .text          0x0000000000107d11      0x17b binaries/ttyhandle_out.o
                0x0000000000107d11                ttyhandle_out
 .text          0x0000000000107e8c       0xb6 binaries/ttyhandler.o
                0x0000000000107e8c                ttyhandler
 .text          0x0000000000107f42      0x1e7 binaries/ttyinit.o
                0x0000000000107f42                ttyinit
 .text          0x0000000000108129       0x10 binaries/ttykickout.o
                0x0000000000108129                ttykickout
 .text          0x0000000000108139       0xb2 binaries/ttyputc.o
                0x0000000000108139                ttyputc
 .text          0x00000000001081eb      0x10f binaries/ttyread.o
                0x00000000001081eb                ttyread
 .text          0x00000000001082fa       0x4f binaries/ttywrite.o
                0x00000000001082fa                ttywrite
 .text          0x0000000000108349      0x149 binaries/mount.o
                0x0000000000108349                mount
                0x000000000010845c                namlen
 .text          0x0000000000108492      0x20d binaries/naminit.o
                0x0000000000108492                naminit
 .text          0x000000000010869f      0x216 binaries/nammap.o
                0x000000000010869f                nammap
                0x0000000000108730                namrepl
                0x0000000000108865                namcpy
 .text          0x00000000001088b5       0x55 binaries/namopen.o
                0x00000000001088b5                namopen
 .text          0x000000000010890a       0x95 binaries/ethcontrol.o
                0x000000000010890a                ethcontrol
 .text          0x000000000010899f      0x181 binaries/ethhandler.o
                0x000000000010899f                ethhandler
 .text          0x0000000000108b20      0x74d binaries/ethinit.o
                0x0000000000108b20                eth_phy_read
                0x0000000000108b8a                eth_phy_write
                0x0000000000108bfe                eth_phy_reset
                0x0000000000108d66                ethinit
 .text          0x000000000010926d      0x199 binaries/ethmcast.o
                0x000000000010926d                ethmcast_add
                0x00000000001092ef                ethmcast_remove
 .text          0x0000000000109406      0x199 binaries/ethread.o
                0x0000000000109406                ethread
 .text          0x000000000010959f       0xef binaries/ethwrite.o
                0x000000000010959f                ethwrite
 .text          0x000000000010968e       0x96 binaries/rdsbufalloc.o
                0x000000000010968e                rdsbufalloc
 .text          0x0000000000109724       0xcc binaries/rdsclose.o
                0x0000000000109724                rdsclose
 .text          0x00000000001097f0      0x2ed binaries/rdscomm.o
                0x00000000001097f0                rdscomm
 .text          0x0000000000109add      0x237 binaries/rdscontrol.o
                0x0000000000109add                rdscontrol
 .text          0x0000000000109d14      0x1ea binaries/rdsinit.o
                0x0000000000109d14                rdsinit
 .text          0x0000000000109efe      0x1af binaries/rdsopen.o
                0x0000000000109efe                rdsopen
 .text          0x000000000010a0ad      0x46d binaries/rdsprocess.o
                0x000000000010a0ad                rdsprocess
 .text          0x000000000010a51a      0x255 binaries/rdsread.o
                0x000000000010a51a                rdsread
 .text          0x000000000010a76f      0x1ee binaries/rdswrite.o
                0x000000000010a76f                rdswrite
 .text          0x000000000010a95d        0xa binaries/ramclose.o
                0x000000000010a95d                ramclose
 .text          0x000000000010a967       0x45 binaries/raminit.o
                0x000000000010a967                raminit
 .text          0x000000000010a9ac        0xa binaries/ramopen.o
                0x000000000010a9ac                ramopen
 .text          0x000000000010a9b6       0x35 binaries/ramread.o
                0x000000000010a9b6                ramread
 .text          0x000000000010a9eb       0x36 binaries/ramwrite.o
                0x000000000010a9eb                ramwrite
 .text          0x000000000010aa21       0x9e binaries/lfdballoc.o
                0x000000000010aa21                lfdballoc
 .text          0x000000000010aabf       0x62 binaries/lfdbfree.o
                0x000000000010aabf                lfdbfree
 .text          0x000000000010ab21       0xbf binaries/lfflush.o
                0x000000000010ab21                lfflush
 .text          0x000000000010abe0       0xd8 binaries/lfgetmode.o
                0x000000000010abe0                lfgetmode
 .text          0x000000000010acb8       0x6c binaries/lfiballoc.o
                0x000000000010acb8                lfiballoc
 .text          0x000000000010ad24       0x3b binaries/lfibclear.o
                0x000000000010ad24                lfibclear
 .text          0x000000000010ad5f       0xae binaries/lfibget.o
                0x000000000010ad5f                lfibget
 .text          0x000000000010ae0d       0xe0 binaries/lfibput.o
                0x000000000010ae0d                lfibput
 .text          0x000000000010aeed       0x93 binaries/lflclose.o
                0x000000000010aeed                lflclose
 .text          0x000000000010af80       0xb5 binaries/lflcontrol.o
                0x000000000010af80                lflcontrol
 .text          0x000000000010b035       0xdf binaries/lflgetc.o
                0x000000000010b035                lflgetc
 .text          0x000000000010b114       0xfb binaries/lflinit.o
                0x000000000010b114                lflinit
 .text          0x000000000010b20f      0x10f binaries/lflputc.o
                0x000000000010b20f                lflputc
 .text          0x000000000010b31e       0x6d binaries/lflread.o
                0x000000000010b31e                lflread
 .text          0x000000000010b38b       0x9c binaries/lflseek.o
                0x000000000010b38b                lflseek
 .text          0x000000000010b427       0x55 binaries/lflwrite.o
                0x000000000010b427                lflwrite
 .text          0x000000000010b47c       0x62 binaries/lfscheck.o
                0x000000000010b47c                lfscheck
 .text          0x000000000010b4de      0x176 binaries/lfsckfmt.o
                0x000000000010b4de                lfsckfmt
 .text          0x000000000010b654      0x1ce binaries/lfscreate.o
                0x000000000010b654                lfscreate
 .text          0x000000000010b822      0x282 binaries/lfsetup.o
                0x000000000010b822                lfsetup
 .text          0x000000000010baa4       0x55 binaries/lfsinit.o
                0x000000000010baa4                lfsinit
 .text          0x000000000010baf9      0x3a0 binaries/lfsopen.o
                0x000000000010baf9                lfsopen
 .text          0x000000000010be99      0x161 binaries/lftruncate.o
                0x000000000010be99                lftruncate
 .text          0x000000000010bffa       0x65 binaries/rflclose.o
                0x000000000010bffa                rflclose
 .text          0x000000000010c05f       0x38 binaries/rflgetc.o
                0x000000000010c05f                rflgetc
 .text          0x000000000010c097       0x76 binaries/rflinit.o
                0x000000000010c097                rflinit
 .text          0x000000000010c10d       0x39 binaries/rflputc.o
                0x000000000010c10d                rflputc
 .text          0x000000000010c146      0x345 binaries/rflread.o
                0x000000000010c146                rflread
 .text          0x000000000010c48b       0x68 binaries/rflseek.o
                0x000000000010c48b                rflseek
 .text          0x000000000010c4f3      0x336 binaries/rflwrite.o
                0x000000000010c4f3                rflwrite
 .text          0x000000000010c829      0x1e5 binaries/rfscomm.o
                0x000000000010c829                rfscomm
 .text          0x000000000010ca0e      0x273 binaries/rfscontrol.o
                0x000000000010ca0e                rfscontrol
 .text          0x000000000010cc81       0xd8 binaries/rfsgetmode.o
                0x000000000010cc81                rfsgetmode
 .text          0x000000000010cd59       0x7c binaries/rfsinit.o
                0x000000000010cd59                rfsinit
 .text          0x000000000010cdd5      0x128 binaries/rfsndmsg.o
                0x000000000010cdd5                rfsndmsg
 .text          0x000000000010cefd      0x28d binaries/rfsopen.o
                0x000000000010cefd                rfsopen
 .text          0x000000000010d18a      0x855 binaries/arp.o
                0x000000000010d18a                arp_init
                0x000000000010d1bc                arp_resolve
                0x000000000010d489                arp_in
                0x000000000010d73b                arp_alloc
                0x000000000010d807                arp_ntoh
                0x000000000010d8f3                arp_hton
 .text          0x000000000010d9df      0x947 binaries/dhcp.o
                0x000000000010d9df                dhcp_get_opt_val
                0x000000000010da38                dhcp_bld_bootp_msg
                0x000000000010db62                dhcp_bld_disc
                0x000000000010dc48                dhcp_bld_req
                0x000000000010ddc5                getlocalip
 .text          0x000000000010e326      0x5e1 binaries/dns.o
                0x000000000010e326                dnslookup
 .text          0x000000000010e907       0xe6 binaries/dot2ip.o
                0x000000000010e907                dot2ip
 .text          0x000000000010e9ed      0x468 binaries/hexdump.o
                0x000000000010e9ed                hexdump
                0x000000000010eb70                hexadump
 .text          0x000000000010ee55      0x881 binaries/icmp.o
                0x000000000010ee55                icmp_init
                0x000000000010ee8b                icmp_in
                0x000000000010f057                icmp_register
                0x000000000010f149                icmp_recv
                0x000000000010f2c2                icmp_send
                0x000000000010f357                icmp_mkpkt
                0x000000000010f472                icmp_release
                0x000000000010f562                icmp_cksum
                0x000000000010f5ee                icmp_hton
                0x000000000010f662                icmp_ntoh
 .text          0x000000000010f6d6      0x829 binaries/ip.o
                0x000000000010f6d6                ip_in
                0x000000000010f82e                ip_send
                0x000000000010f970                ip_local
                0x000000000010f9b3                ip_out
                0x000000000010fae0                ipcksum
                0x000000000010fb66                ip_ntoh
                0x000000000010fc52                ip_hton
                0x000000000010fd3e                ipout
                0x000000000010fe60                ip_enqueue
 .text          0x000000000010feff      0x2ed binaries/net.o
                0x000000000010feff                net_init
                0x0000000000110057                netin
                0x0000000000110103                eth_hton
                0x000000000011012d                eth_ntoh
                0x0000000000110157                getport
 .text          0x00000000001101ec     0x1539 binaries/pdump.o
                0x00000000001101ec                pdump
                0x0000000000111008                pdumph
 .text          0x0000000000111725      0x4fd binaries/tftp.o
                0x0000000000111725                tftp_send1
                0x00000000001118b5                tftpget
 .text          0x0000000000111c22      0xb18 binaries/udp.o
                0x0000000000111c22                udp_init
                0x0000000000111c56                udp_in
                0x0000000000111d91                udp_register
                0x0000000000111ec5                udp_recv
                0x000000000011204b                udp_recvaddr
                0x00000000001121e9                udp_send
                0x00000000001123c0                udp_sendto
                0x0000000000112563                udp_release
                0x0000000000112650                udp_ntoh
                0x00000000001126c5                udp_hton
 .text          0x000000000011273a      0x137 binaries/addargs.o
                0x000000000011273a                addargs
 .text          0x0000000000112871      0x2c9 binaries/lexan.o
                0x0000000000112871                lexan
 .text          0x0000000000112b3a      0x6ed binaries/shell.o
                0x0000000000112b3a                shell
 .text          0x0000000000113227       0x68 binaries/xsh_argecho.o
                0x0000000000113227                xsh_argecho
 .text          0x000000000011328f      0x23a binaries/xsh_arp.o
                0x000000000011328f                xsh_arp
 .text          0x00000000001134c9      0x251 binaries/xsh_cat.o
                0x00000000001134c9                xsh_cat
 .text          0x000000000011371a       0x5b binaries/xsh_clear.o
                0x000000000011371a                xsh_clear
 .text          0x0000000000113775      0x2ea binaries/xsh_date.o
                0x0000000000113775                xsh_date
 .text          0x0000000000113a5f       0xad binaries/xsh_devdump.o
                0x0000000000113a5f                xsh_devdump
 .text          0x0000000000113b0c       0x6c binaries/xsh_echo.o
                0x0000000000113b0c                xsh_echo
 .text          0x0000000000113b78        0xa binaries/xsh_exit.o
                0x0000000000113b78                xsh_exit
 .text          0x0000000000113b82      0x36c binaries/xsh_help.o
                0x0000000000113b82                xsh_help
 .text          0x0000000000113eee      0x23c binaries/xsh_kill.o
                0x0000000000113eee                xsh_kill
 .text          0x000000000011412a      0x516 binaries/xsh_memdump.o
                0x000000000011412a                xsh_memdump
 .text          0x0000000000114640      0x29b binaries/xsh_memstat.o
                0x0000000000114640                xsh_memstat
 .text          0x00000000001148db      0x5b6 binaries/xsh_netinfo.o
                0x00000000001148db                xsh_netinfo
 .text          0x0000000000114e91      0x4ab binaries/xsh_ping.o
                0x0000000000114e91                xsh_ping
 .text          0x000000000011533c      0x260 binaries/xsh_ps.o
                0x000000000011533c                xsh_ps
 .text          0x000000000011559c      0x219 binaries/xsh_sleep.o
                0x000000000011559c                xsh_sleep
 .text          0x00000000001157b5      0x2b6 binaries/xsh_udpdump.o
                0x00000000001157b5                xsh_udpdump
 .text          0x0000000000115a6b      0x4d3 binaries/xsh_udpecho.o
                0x0000000000115a6b                xsh_udpecho
 .text          0x0000000000115f3e      0x2d5 binaries/xsh_udpserver.o
                0x0000000000115f3e                xsh_udpeserver
 .text          0x0000000000116213      0x1e1 binaries/xsh_uptime.o
                0x0000000000116213                xsh_uptime
 .text          0x00000000001163f4        0xe binaries/clkdisp.o
                0x00000000001163f4                clkdisp
 .text          0x0000000000116402       0x19 binaries/ctxsw.o
                0x0000000000116402                ctxsw
 .text          0x000000000011641b      0x368 binaries/intr.o
                0x000000000011641b                disable
                0x0000000000116424                restore
                0x0000000000116432                enable
                0x0000000000116434                pause
                0x000000000011643b                halt
                0x000000000011643e                spurious_irq7
                0x0000000000116443                spurious_irq15
                0x0000000000116452                _Xint0
                0x000000000011645d                _Xint1
                0x0000000000116468                _Xint2
                0x0000000000116473                _Xint3
                0x000000000011647e                _Xint4
                0x0000000000116489                _Xint5
                0x0000000000116494                _Xint6
                0x000000000011649f                _Xint7
                0x00000000001164aa                _Xint8
                0x00000000001164b5                _Xint9
                0x00000000001164c0                _Xint10
                0x00000000001164cb                _Xint11
                0x00000000001164d9                _Xint12
                0x00000000001164e7                _Xint13
                0x00000000001164f5                _Xint14
                0x0000000000116503                _Xint15
                0x0000000000116511                _Xint16
                0x000000000011651f                _Xint17
                0x000000000011652d                _Xint18
                0x000000000011653b                _Xint19
                0x0000000000116549                _Xint20
                0x0000000000116557                _Xint21
                0x0000000000116565                _Xint22
                0x0000000000116573                _Xint23
                0x0000000000116581                _Xint24
                0x000000000011658f                _Xint25
                0x000000000011659d                _Xint26
                0x00000000001165ab                _Xint27
                0x00000000001165b9                _Xint28
                0x00000000001165c7                _Xint29
                0x00000000001165d5                _Xint30
                0x00000000001165e3                _Xint31
                0x00000000001165f1                _Xint32
                0x00000000001165ff                _Xint33
                0x000000000011660d                _Xint34
                0x000000000011661b                _Xint35
                0x0000000000116629                _Xint36
                0x0000000000116637                _Xint37
                0x0000000000116645                _Xint38
                0x0000000000116653                _Xint39
                0x0000000000116661                _Xint40
                0x000000000011666f                _Xint41
                0x000000000011667d                _Xint42
                0x000000000011668b                _Xint43
                0x0000000000116699                _Xint44
                0x00000000001166a7                _Xint45
                0x00000000001166b5                _Xint46
                0x00000000001166c3                defevec
 .text          0x0000000000116783        0xf binaries/ttydispatch.o
                0x0000000000116783                ttydispatch
 .text          0x0000000000116792       0x13 binaries/ethdispatch.o
                0x0000000000116792                ethdispatch
 *(.rodata .rodata.*)
 *fill*         0x00000000001167a5        0x3 
 .rodata        0x00000000001167a8       0x8e binaries/ascdate.o
 .rodata        0x0000000000116836       0xae binaries/conf.o
 .rodata        0x00000000001168e4       0x7f binaries/early_imr.o
 *fill*         0x0000000000116963        0x1 
 .rodata        0x0000000000116964      0x231 binaries/evec.o
 *fill*         0x0000000000116b95        0x3 
 .rodata        0x0000000000116b98       0x61 binaries/getutime.o
 *fill*         0x0000000000116bf9        0x3 
 .rodata        0x0000000000116bfc      0x138 binaries/initialize.o
 .rodata        0x0000000000116d34       0x20 binaries/kill.o
 .rodata        0x0000000000116d54       0xcd binaries/main.o
 *fill*         0x0000000000116e21        0x3 
 .rodata        0x0000000000116e24       0x3e binaries/meminit.o
 .rodata        0x0000000000116e62        0xf binaries/panic.o
 .rodata        0x0000000000116e71       0x1d binaries/ptinit.o
 *fill*         0x0000000000116e8e        0x2 
 .rodata        0x0000000000116e90       0x25 binaries/ptsend.o
 .rodata        0x0000000000116eb5       0x22 binaries/quark_pdat.o
 *fill*         0x0000000000116ed7        0x1 
 .rodata        0x0000000000116ed8       0xb7 binaries/stacktrace.o
 *fill*         0x0000000000116f8f        0x1 
 .rodata        0x0000000000116f90       0x24 binaries/wait.o
 .rodata        0x0000000000116fb4       0x27 binaries/xdone.o
 *fill*         0x0000000000116fdb        0x5 
 .rodata        0x0000000000116fe0       0x81 binaries/ctype_.o
                0x0000000000116fe0                _ctype_
 *fill*         0x0000000000117061        0x3 
 .rodata        0x0000000000117064       0xee binaries/doprnt.o
 *fill*         0x0000000000117152        0x2 
 .rodata        0x0000000000117154       0x98 binaries/doscan.o
 .rodata        0x00000000001171ec       0xae binaries/fdoprnt.o
 *fill*         0x000000000011729a        0x2 
 .rodata        0x000000000011729c       0x20 binaries/ttycontrol.o
 .rodata        0x00000000001172bc       0x34 binaries/ttyhandler.o
 .rodata        0x00000000001172f0       0x80 binaries/naminit.o
 .rodata        0x0000000000117370       0x46 binaries/ethinit.o
 *fill*         0x00000000001173b6        0x2 
 .rodata        0x00000000001173b8       0x2c binaries/rdsbufalloc.o
 .rodata        0x00000000001173e4       0x76 binaries/rdscomm.o
 *fill*         0x000000000011745a        0x2 
 .rodata        0x000000000011745c       0x48 binaries/rdscontrol.o
 .rodata        0x00000000001174a4       0x96 binaries/rdsinit.o
 *fill*         0x000000000011753a        0x2 
 .rodata        0x000000000011753c       0x22 binaries/rdsopen.o
 *fill*         0x000000000011755e        0x2 
 .rodata        0x0000000000117560       0x4d binaries/rdsprocess.o
 .rodata        0x00000000001175ad        0x9 binaries/raminit.o
 *fill*         0x00000000001175b6        0x2 
 .rodata        0x00000000001175b8       0x37 binaries/lfdballoc.o
 .rodata        0x00000000001175ef       0x14 binaries/lfiballoc.o
 *fill*         0x0000000000117603        0x1 
 .rodata        0x0000000000117604       0x23 binaries/lflcontrol.o
 *fill*         0x0000000000117627        0x1 
 .rodata        0x0000000000117628      0x11b binaries/lfsckfmt.o
 *fill*         0x0000000000117743        0x1 
 .rodata        0x0000000000117744       0x2a binaries/lfsopen.o
 *fill*         0x000000000011776e        0x2 
 .rodata        0x0000000000117770       0x21 binaries/rflread.o
 *fill*         0x0000000000117791        0x3 
 .rodata        0x0000000000117794       0x21 binaries/rflwrite.o
 *fill*         0x00000000001177b5        0x3 
 .rodata        0x00000000001177b8       0x75 binaries/rfscomm.o
 *fill*         0x000000000011782d        0x3 
 .rodata        0x0000000000117830       0x3c binaries/rfscontrol.o
 .rodata        0x000000000011786c       0x63 binaries/rfsinit.o
 *fill*         0x00000000001178cf        0x1 
 .rodata        0x00000000001178d0       0x2a binaries/rfsndmsg.o
 *fill*         0x00000000001178fa        0x2 
 .rodata        0x00000000001178fc       0x22 binaries/rfsopen.o
 *fill*         0x000000000011791e        0x2 
 .rodata        0x0000000000117920       0x3a binaries/arp.o
 *fill*         0x000000000011795a        0x2 
 .rodata        0x000000000011795c       0xcf binaries/dhcp.o
 .rodata        0x0000000000117a2b       0x1a binaries/dns.o
 *fill*         0x0000000000117a45        0x3 
 .rodata        0x0000000000117a48       0xc9 binaries/hexdump.o
 *fill*         0x0000000000117b11        0x3 
 .rodata        0x0000000000117b14       0x29 binaries/icmp.o
 *fill*         0x0000000000117b3d        0x3 
 .rodata        0x0000000000117b40       0x6e binaries/ip.o
 *fill*         0x0000000000117bae        0x2 
 .rodata        0x0000000000117bb0       0x4f binaries/net.o
 *fill*         0x0000000000117bff        0x1 
 .rodata        0x0000000000117c00      0x26f binaries/pdump.o
 *fill*         0x0000000000117e6f        0x1 
 .rodata        0x0000000000117e70      0x10c binaries/tftp.o
 *fill*         0x0000000000117f7c        0x4 
 .rodata        0x0000000000117f80      0x3c1 binaries/shell.o
                0x0000000000118000                cmdtab
 .rodata        0x0000000000118341       0x28 binaries/xsh_argecho.o
 *fill*         0x0000000000118369        0x3 
 .rodata        0x000000000011836c      0x123 binaries/xsh_arp.o
 *fill*         0x000000000011848f        0x1 
 .rodata        0x0000000000118490       0xc9 binaries/xsh_cat.o
 .rodata        0x0000000000118559       0x19 binaries/xsh_clear.o
 *fill*         0x0000000000118572        0x2 
 .rodata        0x0000000000118574      0x1c3 binaries/xsh_date.o
 .rodata        0x0000000000118737       0x5d binaries/xsh_devdump.o
 .rodata        0x0000000000118794        0x9 binaries/xsh_echo.o
 *fill*         0x000000000011879d        0x3 
 .rodata        0x00000000001187a0      0x169 binaries/xsh_help.o
 *fill*         0x0000000000118909        0x3 
 .rodata        0x000000000011890c      0x12e binaries/xsh_kill.o
 *fill*         0x0000000000118a3a        0x2 
 .rodata        0x0000000000118a3c      0x266 binaries/xsh_memdump.o
 *fill*         0x0000000000118ca2        0x2 
 .rodata        0x0000000000118ca4      0x225 binaries/xsh_memstat.o
 *fill*         0x0000000000118ec9        0x3 
 .rodata        0x0000000000118ecc      0x1b0 binaries/xsh_netinfo.o
 .rodata        0x000000000011907c      0x1a1 binaries/xsh_ping.o
 *fill*         0x000000000011921d        0x3 
 .rodata        0x0000000000119220      0x1e0 binaries/xsh_ps.o
 .rodata        0x0000000000119400       0xeb binaries/xsh_sleep.o
 *fill*         0x00000000001194eb        0x1 
 .rodata        0x00000000001194ec      0x1b8 binaries/xsh_udpdump.o
 .rodata        0x00000000001196a4      0x215 binaries/xsh_udpecho.o
 *fill*         0x00000000001198b9        0x3 
 .rodata        0x00000000001198bc      0x12b binaries/xsh_udpserver.o
 *fill*         0x00000000001199e7        0x1 
 .rodata        0x00000000001199e8      0x105 binaries/xsh_uptime.o
                0x0000000000119aed                etext = ABSOLUTE (.)
                0x000000000011a000                . = ALIGN (0x1000)
 *fill*         0x0000000000119aed      0x513 

.eh_frame       0x000000000011a000     0x2d64
 .eh_frame      0x000000000011a000       0x38 binaries/addEdge.o
 .eh_frame      0x000000000011a038       0x28 binaries/ascdate.o
                                         0x40 (size before relaxing)
 .eh_frame      0x000000000011a060       0x20 binaries/bufinit.o
                                         0x38 (size before relaxing)
 .eh_frame      0x000000000011a080       0x20 binaries/chprio.o
                                         0x38 (size before relaxing)
 .eh_frame      0x000000000011a0a0       0x20 binaries/clkhandler.o
                                         0x38 (size before relaxing)
 .eh_frame      0x000000000011a0c0       0x20 binaries/clkinit.o
                                         0x38 (size before relaxing)
 .eh_frame      0x000000000011a0e0       0x20 binaries/close.o
                                         0x38 (size before relaxing)
 .eh_frame      0x000000000011a100       0x20 binaries/control.o
                                         0x38 (size before relaxing)
 .eh_frame      0x000000000011a120       0x40 binaries/create.o
                                         0x58 (size before relaxing)
 .eh_frame      0x000000000011a160       0x20 binaries/createGraph.o
                                         0x38 (size before relaxing)
 .eh_frame      0x000000000011a180       0x20 binaries/createNode.o
                                         0x38 (size before relaxing)
 .eh_frame      0x000000000011a1a0       0x20 binaries/deleteAllEdges.o
                                         0x38 (size before relaxing)
 .eh_frame      0x000000000011a1c0       0x20 binaries/deleteOwner.o
                                         0x38 (size before relaxing)
 .eh_frame      0x000000000011a1e0       0x48 binaries/detectCycle.o
                                         0x60 (size before relaxing)
 .eh_frame      0x000000000011a228      0x104 binaries/early_imr.o
                                        0x11c (size before relaxing)
 .eh_frame      0x000000000011a32c       0x20 binaries/edgeExists.o
                                         0x38 (size before relaxing)
 .eh_frame      0x000000000011a34c       0x80 binaries/evec.o
                                         0x98 (size before relaxing)
 .eh_frame      0x000000000011a3cc       0x20 binaries/exit.o
                                         0x38 (size before relaxing)
 .eh_frame      0x000000000011a3ec       0x20 binaries/freebuf.o
                                         0x38 (size before relaxing)
 .eh_frame      0x000000000011a40c       0x20 binaries/freemem.o
                                         0x38 (size before relaxing)
 .eh_frame      0x000000000011a42c       0x20 binaries/getbuf.o
                                         0x38 (size before relaxing)
 .eh_frame      0x000000000011a44c       0x20 binaries/getc.o
                                         0x38 (size before relaxing)
 .eh_frame      0x000000000011a46c       0x20 binaries/getdev.o
                                         0x38 (size before relaxing)
 .eh_frame      0x000000000011a48c       0x60 binaries/getitem.o
                                         0x78 (size before relaxing)
 .eh_frame      0x000000000011a4ec       0x20 binaries/getmem.o
                                         0x38 (size before relaxing)
 .eh_frame      0x000000000011a50c       0x20 binaries/getpid.o
                                         0x38 (size before relaxing)
 .eh_frame      0x000000000011a52c       0x20 binaries/getprio.o
                                         0x38 (size before relaxing)
 .eh_frame      0x000000000011a54c       0x20 binaries/getstk.o
                                         0x38 (size before relaxing)
 .eh_frame      0x000000000011a56c       0x20 binaries/getticks.o
                                         0x38 (size before relaxing)
 .eh_frame      0x000000000011a58c       0x20 binaries/gettime.o
                                         0x38 (size before relaxing)
 .eh_frame      0x000000000011a5ac       0x20 binaries/getutime.o
                                         0x38 (size before relaxing)
 .eh_frame      0x000000000011a5cc       0x20 binaries/init.o
                                         0x38 (size before relaxing)
 .eh_frame      0x000000000011a5ec       0x9c binaries/initialize.o
                                         0xb4 (size before relaxing)
 .eh_frame      0x000000000011a688       0x20 binaries/insert.o
                                         0x38 (size before relaxing)
 .eh_frame      0x000000000011a6a8       0x20 binaries/insertd.o
                                         0x38 (size before relaxing)
 .eh_frame      0x000000000011a6c8       0x20 binaries/ioerr.o
                                         0x38 (size before relaxing)
 .eh_frame      0x000000000011a6e8       0x20 binaries/ionull.o
                                         0x38 (size before relaxing)
 .eh_frame      0x000000000011a708       0x20 binaries/kill.o
                                         0x38 (size before relaxing)
 .eh_frame      0x000000000011a728       0x60 binaries/kprintf.o
                                         0x78 (size before relaxing)
 .eh_frame      0x000000000011a788       0x60 binaries/main.o
                                         0x78 (size before relaxing)
 .eh_frame      0x000000000011a7e8       0x40 binaries/mark.o
                                         0x58 (size before relaxing)
 .eh_frame      0x000000000011a828       0x48 binaries/meminit.o
                                         0x60 (size before relaxing)
 .eh_frame      0x000000000011a870       0x20 binaries/mkbufpool.o
                                         0x38 (size before relaxing)
 .eh_frame      0x000000000011a890       0x20 binaries/newqueue.o
                                         0x38 (size before relaxing)
 .eh_frame      0x000000000011a8b0       0x20 binaries/open.o
                                         0x38 (size before relaxing)
 .eh_frame      0x000000000011a8d0       0x1c binaries/panic.o
                                         0x34 (size before relaxing)
 .eh_frame      0x000000000011a8ec      0x1c0 binaries/pci.o
                                        0x1d8 (size before relaxing)
 .eh_frame      0x000000000011aaac       0x60 binaries/platinit.o
                                         0x78 (size before relaxing)
 .eh_frame      0x000000000011ab0c       0x20 binaries/ptclear.o
                                         0x38 (size before relaxing)
 .eh_frame      0x000000000011ab2c       0x20 binaries/ptcount.o
                                         0x38 (size before relaxing)
 .eh_frame      0x000000000011ab4c       0x20 binaries/ptcreate.o
                                         0x38 (size before relaxing)
 .eh_frame      0x000000000011ab6c       0x20 binaries/ptdelete.o
                                         0x38 (size before relaxing)
 .eh_frame      0x000000000011ab8c       0x20 binaries/ptinit.o
                                         0x38 (size before relaxing)
 .eh_frame      0x000000000011abac       0x20 binaries/ptrecv.o
                                         0x38 (size before relaxing)
 .eh_frame      0x000000000011abcc       0x20 binaries/ptreset.o
                                         0x38 (size before relaxing)
 .eh_frame      0x000000000011abec       0x20 binaries/ptsend.o
                                         0x38 (size before relaxing)
 .eh_frame      0x000000000011ac0c       0x20 binaries/putc.o
                                         0x38 (size before relaxing)
 .eh_frame      0x000000000011ac2c       0x20 binaries/quark_irq.o
                                         0x38 (size before relaxing)
 .eh_frame      0x000000000011ac4c       0x40 binaries/quark_pdat.o
                                         0x58 (size before relaxing)
 .eh_frame      0x000000000011ac8c       0x40 binaries/queue.o
                                         0x58 (size before relaxing)
 .eh_frame      0x000000000011accc       0x20 binaries/read.o
                                         0x38 (size before relaxing)
 .eh_frame      0x000000000011acec       0x24 binaries/ready.o
                                         0x3c (size before relaxing)
 .eh_frame      0x000000000011ad10       0x20 binaries/receive.o
                                         0x38 (size before relaxing)
 .eh_frame      0x000000000011ad30       0x20 binaries/recvclr.o
                                         0x38 (size before relaxing)
 .eh_frame      0x000000000011ad50       0x20 binaries/recvtime.o
                                         0x38 (size before relaxing)
 .eh_frame      0x000000000011ad70       0x40 binaries/resched.o
                                         0x58 (size before relaxing)
 .eh_frame      0x000000000011adb0       0x20 binaries/resume.o
                                         0x38 (size before relaxing)
 .eh_frame      0x000000000011add0       0x20 binaries/seek.o
                                         0x38 (size before relaxing)
 .eh_frame      0x000000000011adf0       0x20 binaries/semcount.o
                                         0x38 (size before relaxing)
 .eh_frame      0x000000000011ae10       0x40 binaries/semcreate.o
                                         0x58 (size before relaxing)
 .eh_frame      0x000000000011ae50       0x20 binaries/semdelete.o
                                         0x38 (size before relaxing)
 .eh_frame      0x000000000011ae70       0x20 binaries/semreset.o
                                         0x38 (size before relaxing)
 .eh_frame      0x000000000011ae90       0x20 binaries/send.o
                                         0x38 (size before relaxing)
 .eh_frame      0x000000000011aeb0       0x20 binaries/signal.o
                                         0x38 (size before relaxing)
 .eh_frame      0x000000000011aed0       0x20 binaries/signaln.o
                                         0x38 (size before relaxing)
 .eh_frame      0x000000000011aef0       0x40 binaries/sleep.o
                                         0x58 (size before relaxing)
 .eh_frame      0x000000000011af30       0x20 binaries/stacktrace.o
                                         0x38 (size before relaxing)
 .eh_frame      0x000000000011af50       0x20 binaries/suspend.o
                                         0x38 (size before relaxing)
 .eh_frame      0x000000000011af70       0x20 binaries/test1.o
                                         0x38 (size before relaxing)
 .eh_frame      0x000000000011af90       0x20 binaries/test2.o
                                         0x38 (size before relaxing)
 .eh_frame      0x000000000011afb0       0x20 binaries/test.o
                                         0x38 (size before relaxing)
 .eh_frame      0x000000000011afd0       0x20 binaries/unsleep.o
                                         0x38 (size before relaxing)
 .eh_frame      0x000000000011aff0       0x20 binaries/userret.o
                                         0x38 (size before relaxing)
 .eh_frame      0x000000000011b010       0x20 binaries/wait.o
                                         0x38 (size before relaxing)
 .eh_frame      0x000000000011b030       0x20 binaries/wakeup.o
                                         0x38 (size before relaxing)
 .eh_frame      0x000000000011b050       0x20 binaries/write.o
                                         0x38 (size before relaxing)
 .eh_frame      0x000000000011b070       0x20 binaries/xdone.o
                                         0x38 (size before relaxing)
 .eh_frame      0x000000000011b090       0x20 binaries/yield.o
                                         0x38 (size before relaxing)
 .eh_frame      0x000000000011b0b0       0x20 binaries/abs.o
                                         0x38 (size before relaxing)
 .eh_frame      0x000000000011b0d0       0x20 binaries/atoi.o
                                         0x38 (size before relaxing)
 .eh_frame      0x000000000011b0f0       0x20 binaries/atol.o
                                         0x38 (size before relaxing)
 .eh_frame      0x000000000011b110       0x20 binaries/bzero.o
                                         0x38 (size before relaxing)
 .eh_frame      0x000000000011b130       0xe4 binaries/doprnt.o
                                         0xfc (size before relaxing)
 .eh_frame      0x000000000011b214       0xb0 binaries/doscan.o
                                         0xc8 (size before relaxing)
 .eh_frame      0x000000000011b2c4       0xc0 binaries/fdoprnt.o
                                         0xd8 (size before relaxing)
 .eh_frame      0x000000000011b384       0x20 binaries/fgetc.o
                                         0x38 (size before relaxing)
 .eh_frame      0x000000000011b3a4       0x20 binaries/fgets.o
                                         0x38 (size before relaxing)
 .eh_frame      0x000000000011b3c4       0x20 binaries/fprintf.o
                                         0x38 (size before relaxing)
 .eh_frame      0x000000000011b3e4       0x20 binaries/fputc.o
                                         0x38 (size before relaxing)
 .eh_frame      0x000000000011b404       0x20 binaries/fputs.o
                                         0x38 (size before relaxing)
 .eh_frame      0x000000000011b424       0x60 binaries/fscanf.o
                                         0x78 (size before relaxing)
 .eh_frame      0x000000000011b484       0x20 binaries/getchar.o
                                         0x38 (size before relaxing)
 .eh_frame      0x000000000011b4a4       0x20 binaries/labs.o
                                         0x38 (size before relaxing)
 .eh_frame      0x000000000011b4c4       0x20 binaries/memcmp.o
                                         0x38 (size before relaxing)
 .eh_frame      0x000000000011b4e4       0x24 binaries/memcpy.o
                                         0x3c (size before relaxing)
 .eh_frame      0x000000000011b508       0x24 binaries/memset.o
                                         0x3c (size before relaxing)
 .eh_frame      0x000000000011b52c       0x20 binaries/printf.o
                                         0x38 (size before relaxing)
 .eh_frame      0x000000000011b54c       0x20 binaries/putchar.o
                                         0x38 (size before relaxing)
 .eh_frame      0x000000000011b56c       0xa8 binaries/qsort.o
                                         0xc0 (size before relaxing)
 .eh_frame      0x000000000011b614       0x60 binaries/rand.o
                                         0x78 (size before relaxing)
 .eh_frame      0x000000000011b674       0x40 binaries/sprintf.o
                                         0x58 (size before relaxing)
 .eh_frame      0x000000000011b6b4       0x60 binaries/sscanf.o
                                         0x78 (size before relaxing)
 .eh_frame      0x000000000011b714       0x20 binaries/strchr.o
                                         0x38 (size before relaxing)
 .eh_frame      0x000000000011b734       0x20 binaries/strcmp.o
                                         0x38 (size before relaxing)
 .eh_frame      0x000000000011b754       0x20 binaries/strcpy.o
                                         0x38 (size before relaxing)
 .eh_frame      0x000000000011b774       0x20 binaries/strlen.o
                                         0x38 (size before relaxing)
 .eh_frame      0x000000000011b794       0x20 binaries/strncat.o
                                         0x38 (size before relaxing)
 .eh_frame      0x000000000011b7b4       0x20 binaries/strncmp.o
                                         0x38 (size before relaxing)
 .eh_frame      0x000000000011b7d4       0x28 binaries/strncpy.o
                                         0x40 (size before relaxing)
 .eh_frame      0x000000000011b7fc       0x20 binaries/strnlen.o
                                         0x38 (size before relaxing)
 .eh_frame      0x000000000011b81c       0x20 binaries/strrchr.o
                                         0x38 (size before relaxing)
 .eh_frame      0x000000000011b83c       0x20 binaries/strstr.o
                                         0x38 (size before relaxing)
 .eh_frame      0x000000000011b85c       0x20 binaries/ttycontrol.o
                                         0x38 (size before relaxing)
 .eh_frame      0x000000000011b87c       0x20 binaries/ttygetc.o
                                         0x38 (size before relaxing)
 .eh_frame      0x000000000011b89c       0x80 binaries/ttyhandle_in.o
                                         0x98 (size before relaxing)
 .eh_frame      0x000000000011b91c       0x20 binaries/ttyhandle_out.o
                                         0x38 (size before relaxing)
 .eh_frame      0x000000000011b93c       0x20 binaries/ttyhandler.o
                                         0x38 (size before relaxing)
 .eh_frame      0x000000000011b95c       0x20 binaries/ttyinit.o
                                         0x38 (size before relaxing)
 .eh_frame      0x000000000011b97c       0x20 binaries/ttykickout.o
                                         0x38 (size before relaxing)
 .eh_frame      0x000000000011b99c       0x20 binaries/ttyputc.o
                                         0x38 (size before relaxing)
 .eh_frame      0x000000000011b9bc       0x28 binaries/ttyread.o
                                         0x40 (size before relaxing)
 .eh_frame      0x000000000011b9e4       0x20 binaries/ttywrite.o
                                         0x38 (size before relaxing)
 .eh_frame      0x000000000011ba04       0x40 binaries/mount.o
                                         0x58 (size before relaxing)
 .eh_frame      0x000000000011ba44       0x20 binaries/naminit.o
                                         0x38 (size before relaxing)
 .eh_frame      0x000000000011ba64       0x60 binaries/nammap.o
                                         0x78 (size before relaxing)
 .eh_frame      0x000000000011bac4       0x20 binaries/namopen.o
                                         0x38 (size before relaxing)
 .eh_frame      0x000000000011bae4       0x20 binaries/ethcontrol.o
                                         0x38 (size before relaxing)
 .eh_frame      0x000000000011bb04       0x20 binaries/ethhandler.o
                                         0x38 (size before relaxing)
 .eh_frame      0x000000000011bb24       0xa0 binaries/ethinit.o
                                         0xb8 (size before relaxing)
 .eh_frame      0x000000000011bbc4       0x40 binaries/ethmcast.o
                                         0x58 (size before relaxing)
 .eh_frame      0x000000000011bc04       0x20 binaries/ethread.o
                                         0x38 (size before relaxing)
 .eh_frame      0x000000000011bc24       0x20 binaries/ethwrite.o
                                         0x38 (size before relaxing)
 .eh_frame      0x000000000011bc44       0x20 binaries/rdsbufalloc.o
                                         0x38 (size before relaxing)
 .eh_frame      0x000000000011bc64       0x20 binaries/rdsclose.o
                                         0x38 (size before relaxing)
 .eh_frame      0x000000000011bc84       0x20 binaries/rdscomm.o
                                         0x38 (size before relaxing)
 .eh_frame      0x000000000011bca4       0x20 binaries/rdscontrol.o
                                         0x38 (size before relaxing)
 .eh_frame      0x000000000011bcc4       0x20 binaries/rdsinit.o
                                         0x38 (size before relaxing)
 .eh_frame      0x000000000011bce4       0x20 binaries/rdsopen.o
                                         0x38 (size before relaxing)
 .eh_frame      0x000000000011bd04       0x1c binaries/rdsprocess.o
                                         0x34 (size before relaxing)
 .eh_frame      0x000000000011bd20       0x20 binaries/rdsread.o
                                         0x38 (size before relaxing)
 .eh_frame      0x000000000011bd40       0x20 binaries/rdswrite.o
                                         0x38 (size before relaxing)
 .eh_frame      0x000000000011bd60       0x20 binaries/ramclose.o
                                         0x38 (size before relaxing)
 .eh_frame      0x000000000011bd80       0x20 binaries/raminit.o
                                         0x38 (size before relaxing)
 .eh_frame      0x000000000011bda0       0x20 binaries/ramopen.o
                                         0x38 (size before relaxing)
 .eh_frame      0x000000000011bdc0       0x20 binaries/ramread.o
                                         0x38 (size before relaxing)
 .eh_frame      0x000000000011bde0       0x20 binaries/ramwrite.o
                                         0x38 (size before relaxing)
 .eh_frame      0x000000000011be00       0x20 binaries/lfdballoc.o
                                         0x38 (size before relaxing)
 .eh_frame      0x000000000011be20       0x20 binaries/lfdbfree.o
                                         0x38 (size before relaxing)
 .eh_frame      0x000000000011be40       0x20 binaries/lfflush.o
                                         0x38 (size before relaxing)
 .eh_frame      0x000000000011be60       0x20 binaries/lfgetmode.o
                                         0x38 (size before relaxing)
 .eh_frame      0x000000000011be80       0x20 binaries/lfiballoc.o
                                         0x38 (size before relaxing)
 .eh_frame      0x000000000011bea0       0x20 binaries/lfibclear.o
                                         0x38 (size before relaxing)
 .eh_frame      0x000000000011bec0       0x20 binaries/lfibget.o
                                         0x38 (size before relaxing)
 .eh_frame      0x000000000011bee0       0x20 binaries/lfibput.o
                                         0x38 (size before relaxing)
 .eh_frame      0x000000000011bf00       0x20 binaries/lflclose.o
                                         0x38 (size before relaxing)
 .eh_frame      0x000000000011bf20       0x20 binaries/lflcontrol.o
                                         0x38 (size before relaxing)
 .eh_frame      0x000000000011bf40       0x20 binaries/lflgetc.o
                                         0x38 (size before relaxing)
 .eh_frame      0x000000000011bf60       0x20 binaries/lflinit.o
                                         0x38 (size before relaxing)
 .eh_frame      0x000000000011bf80       0x20 binaries/lflputc.o
                                         0x38 (size before relaxing)
 .eh_frame      0x000000000011bfa0       0x20 binaries/lflread.o
                                         0x38 (size before relaxing)
 .eh_frame      0x000000000011bfc0       0x20 binaries/lflseek.o
                                         0x38 (size before relaxing)
 .eh_frame      0x000000000011bfe0       0x20 binaries/lflwrite.o
                                         0x38 (size before relaxing)
 .eh_frame      0x000000000011c000       0x20 binaries/lfscheck.o
                                         0x38 (size before relaxing)
 .eh_frame      0x000000000011c020       0x20 binaries/lfsckfmt.o
                                         0x38 (size before relaxing)
 .eh_frame      0x000000000011c040       0x20 binaries/lfscreate.o
                                         0x38 (size before relaxing)
 .eh_frame      0x000000000011c060       0x20 binaries/lfsetup.o
                                         0x38 (size before relaxing)
 .eh_frame      0x000000000011c080       0x20 binaries/lfsinit.o
                                         0x38 (size before relaxing)
 .eh_frame      0x000000000011c0a0       0x20 binaries/lfsopen.o
                                         0x38 (size before relaxing)
 .eh_frame      0x000000000011c0c0       0x20 binaries/lftruncate.o
                                         0x38 (size before relaxing)
 .eh_frame      0x000000000011c0e0       0x20 binaries/rflclose.o
                                         0x38 (size before relaxing)
 .eh_frame      0x000000000011c100       0x20 binaries/rflgetc.o
                                         0x38 (size before relaxing)
 .eh_frame      0x000000000011c120       0x20 binaries/rflinit.o
                                         0x38 (size before relaxing)
 .eh_frame      0x000000000011c140       0x20 binaries/rflputc.o
                                         0x38 (size before relaxing)
 .eh_frame      0x000000000011c160       0x20 binaries/rflread.o
                                         0x38 (size before relaxing)
 .eh_frame      0x000000000011c180       0x20 binaries/rflseek.o
                                         0x38 (size before relaxing)
 .eh_frame      0x000000000011c1a0       0x20 binaries/rflwrite.o
                                         0x38 (size before relaxing)
 .eh_frame      0x000000000011c1c0       0x20 binaries/rfscomm.o
                                         0x38 (size before relaxing)
 .eh_frame      0x000000000011c1e0       0x20 binaries/rfscontrol.o
                                         0x38 (size before relaxing)
 .eh_frame      0x000000000011c200       0x20 binaries/rfsgetmode.o
                                         0x38 (size before relaxing)
 .eh_frame      0x000000000011c220       0x20 binaries/rfsinit.o
                                         0x38 (size before relaxing)
 .eh_frame      0x000000000011c240       0x20 binaries/rfsndmsg.o
                                         0x38 (size before relaxing)
 .eh_frame      0x000000000011c260       0x20 binaries/rfsopen.o
                                         0x38 (size before relaxing)
 .eh_frame      0x000000000011c280       0xc0 binaries/arp.o
                                         0xd8 (size before relaxing)
 .eh_frame      0x000000000011c340       0xa0 binaries/dhcp.o
                                         0xb8 (size before relaxing)
 .eh_frame      0x000000000011c3e0       0x80 binaries/dns.o
                                         0x98 (size before relaxing)
 .eh_frame      0x000000000011c460       0x20 binaries/dot2ip.o
                                         0x38 (size before relaxing)
 .eh_frame      0x000000000011c480       0x40 binaries/hexdump.o
                                         0x58 (size before relaxing)
 .eh_frame      0x000000000011c4c0      0x150 binaries/icmp.o
                                        0x168 (size before relaxing)
 .eh_frame      0x000000000011c610      0x11c binaries/ip.o
                                        0x134 (size before relaxing)
 .eh_frame      0x000000000011c72c       0xa0 binaries/net.o
                                         0xb8 (size before relaxing)
 .eh_frame      0x000000000011c7cc       0x60 binaries/pdump.o
                                         0x78 (size before relaxing)
 .eh_frame      0x000000000011c82c       0x4c binaries/tftp.o
                                         0x64 (size before relaxing)
 .eh_frame      0x000000000011c878      0x140 binaries/udp.o
                                        0x158 (size before relaxing)
 .eh_frame      0x000000000011c9b8       0x20 binaries/addargs.o
                                         0x38 (size before relaxing)
 .eh_frame      0x000000000011c9d8       0x20 binaries/lexan.o
                                         0x38 (size before relaxing)
 .eh_frame      0x000000000011c9f8       0x20 binaries/shell.o
                                         0x38 (size before relaxing)
 .eh_frame      0x000000000011ca18       0x20 binaries/xsh_argecho.o
                                         0x38 (size before relaxing)
 .eh_frame      0x000000000011ca38       0x40 binaries/xsh_arp.o
                                         0x58 (size before relaxing)
 .eh_frame      0x000000000011ca78       0x20 binaries/xsh_cat.o
                                         0x38 (size before relaxing)
 .eh_frame      0x000000000011ca98       0x20 binaries/xsh_clear.o
                                         0x38 (size before relaxing)
 .eh_frame      0x000000000011cab8       0x20 binaries/xsh_date.o
                                         0x38 (size before relaxing)
 .eh_frame      0x000000000011cad8       0x20 binaries/xsh_devdump.o
                                         0x38 (size before relaxing)
 .eh_frame      0x000000000011caf8       0x20 binaries/xsh_echo.o
                                         0x38 (size before relaxing)
 .eh_frame      0x000000000011cb18       0x20 binaries/xsh_exit.o
                                         0x38 (size before relaxing)
 .eh_frame      0x000000000011cb38       0x2c binaries/xsh_help.o
                                         0x44 (size before relaxing)
 .eh_frame      0x000000000011cb64       0x20 binaries/xsh_kill.o
                                         0x38 (size before relaxing)
 .eh_frame      0x000000000011cb84       0x40 binaries/xsh_memdump.o
                                         0x58 (size before relaxing)
 .eh_frame      0x000000000011cbc4       0x60 binaries/xsh_memstat.o
                                         0x78 (size before relaxing)
 .eh_frame      0x000000000011cc24       0x30 binaries/xsh_netinfo.o
                                         0x48 (size before relaxing)
 .eh_frame      0x000000000011cc54       0x28 binaries/xsh_ping.o
                                         0x40 (size before relaxing)
 .eh_frame      0x000000000011cc7c       0x30 binaries/xsh_ps.o
                                         0x48 (size before relaxing)
 .eh_frame      0x000000000011ccac       0x20 binaries/xsh_sleep.o
                                         0x38 (size before relaxing)
 .eh_frame      0x000000000011cccc       0x20 binaries/xsh_udpdump.o
                                         0x38 (size before relaxing)
 .eh_frame      0x000000000011ccec       0x30 binaries/xsh_udpecho.o
                                         0x48 (size before relaxing)
 .eh_frame      0x000000000011cd1c       0x28 binaries/xsh_udpserver.o
                                         0x40 (size before relaxing)
 .eh_frame      0x000000000011cd44       0x20 binaries/xsh_uptime.o
                                         0x38 (size before relaxing)

.iplt           0x000000000011cd64        0x0
 .iplt          0x000000000011cd64        0x0 binaries/start.o

.rel.dyn        0x000000000011cd64        0x0
 .rel.got       0x000000000011cd64        0x0 binaries/start.o
 .rel.iplt      0x000000000011cd64        0x0 binaries/start.o
 .rel.text      0x000000000011cd64        0x0 binaries/start.o

.data           0x000000000011cd80     0x1280
                0x000000000011cd80                data = ABSOLUTE (.)
 *(.data .data.*)
 .data          0x000000000011cd80      0x83a binaries/start.o
                0x000000000011cd80                gdt
                0x000000000011cdb0                idt
                0x000000000011d5b6                cpudelay
 .data          0x000000000011d5ba        0x0 binaries/addEdge.o
 *fill*         0x000000000011d5ba        0x6 
 .data          0x000000000011d5c0       0x88 binaries/ascdate.o
                0x000000000011d5c0                Date
 .data          0x000000000011d648        0x0 binaries/bufinit.o
 .data          0x000000000011d648        0x0 binaries/chprio.o
 .data          0x000000000011d648        0x4 binaries/clkhandler.o
 .data          0x000000000011d64c        0x0 binaries/clkinit.o
 .data          0x000000000011d64c        0x0 binaries/close.o
 *fill*         0x000000000011d64c       0x14 
 .data          0x000000000011d660      0x5a0 binaries/conf.o
                0x000000000011d660                devtab
 .data          0x000000000011dc00        0x0 binaries/control.o
 .data          0x000000000011dc00        0x4 binaries/create.o
[...]
 .comment       0x0000000000000023       0x24 binaries/xsh_clear.o
 .comment       0x0000000000000023       0x24 binaries/xsh_date.o
 .comment       0x0000000000000023       0x24 binaries/xsh_devdump.o
 .comment       0x0000000000000023       0x24 binaries/xsh_echo.o
 .comment       0x0000000000000023       0x24 binaries/xsh_exit.o
 .comment       0x0000000000000023       0x24 binaries/xsh_help.o
 .comment       0x0000000000000023       0x24 binaries/xsh_kill.o
 .comment       0x0000000000000023       0x24 binaries/xsh_memdump.o
 .comment       0x0000000000000023       0x24 binaries/xsh_memstat.o
 .comment       0x0000000000000023       0x24 binaries/xsh_netinfo.o
 .comment       0x0000000000000023       0x24 binaries/xsh_ping.o
 .comment       0x0000000000000023       0x24 binaries/xsh_ps.o
 .comment       0x0000000000000023       0x24 binaries/xsh_sleep.o
 .comment       0x0000000000000023       0x24 binaries/xsh_udpdump.o
 .comment       0x0000000000000023       0x24 binaries/xsh_udpecho.o
 .comment       0x0000000000000023       0x24 binaries/xsh_udpserver.o
 .comment       0x0000000000000023       0x24 binaries/xsh_uptime.o

.note.GNU-stack
                0x0000000000000000        0x0
 .note.GNU-stack
                0x0000000000000000        0x0 binaries/addEdge.o
 .note.GNU-stack
                0x0000000000000000        0x0 binaries/ascdate.o
 .note.GNU-stack
                0x0000000000000000        0x0 binaries/bufinit.o
 .note.GNU-stack
                0x0000000000000000        0x0 binaries/chprio.o
 .note.GNU-stack
                0x0000000000000000        0x0 binaries/clkhandler.o
 .note.GNU-stack
                0x0000000000000000        0x0 binaries/clkinit.o
 .note.GNU-stack
                0x0000000000000000        0x0 binaries/close.o
 .note.GNU-stack
                0x0000000000000000        0x0 binaries/conf.o
 .note.GNU-stack
                0x0000000000000000        0x0 binaries/control.o
 .note.GNU-stack
                0x0000000000000000        0x0 binaries/create.o
 .note.GNU-stack
                0x0000000000000000        0x0 binaries/createGraph.o
 .note.GNU-stack
                0x0000000000000000        0x0 binaries/createNode.o
 .note.GNU-stack
                0x0000000000000000        0x0 binaries/deleteAllEdges.o
 .note.GNU-stack
                0x0000000000000000        0x0 binaries/deleteOwner.o
 .note.GNU-stack
                0x0000000000000000        0x0 binaries/detectCycle.o
 .note.GNU-stack
                0x0000000000000000        0x0 binaries/early_imr.o
 .note.GNU-stack
                0x0000000000000000        0x0 binaries/edgeExists.o
 .note.GNU-stack
                0x0000000000000000        0x0 binaries/evec.o
 .note.GNU-stack
                0x0000000000000000        0x0 binaries/exit.o
 .note.GNU-stack
                0x0000000000000000        0x0 binaries/freebuf.o
 .note.GNU-stack
                0x0000000000000000        0x0 binaries/freemem.o
 .note.GNU-stack
                0x0000000000000000        0x0 binaries/getbuf.o
 .note.GNU-stack
                0x0000000000000000        0x0 binaries/getc.o
 .note.GNU-stack
                0x0000000000000000        0x0 binaries/getdev.o
 .note.GNU-stack
                0x0000000000000000        0x0 binaries/getitem.o
 .note.GNU-stack
                0x0000000000000000        0x0 binaries/getmem.o
 .note.GNU-stack
                0x0000000000000000        0x0 binaries/getpid.o
 .note.GNU-stack
                0x0000000000000000        0x0 binaries/getprio.o
 .note.GNU-stack
                0x0000000000000000        0x0 binaries/getstk.o
 .note.GNU-stack
                0x0000000000000000        0x0 binaries/getticks.o
 .note.GNU-stack
                0x0000000000000000        0x0 binaries/gettime.o
 .note.GNU-stack
                0x0000000000000000        0x0 binaries/getutime.o
 .note.GNU-stack
                0x0000000000000000        0x0 binaries/init.o
 .note.GNU-stack
                0x0000000000000000        0x0 binaries/initialize.o
 .note.GNU-stack
                0x0000000000000000        0x0 binaries/insert.o
 .note.GNU-stack
                0x0000000000000000        0x0 binaries/insertd.o
 .note.GNU-stack
                0x0000000000000000        0x0 binaries/ioerr.o
 .note.GNU-stack
                0x0000000000000000        0x0 binaries/ionull.o
 .note.GNU-stack
                0x0000000000000000        0x0 binaries/kill.o
 .note.GNU-stack
                0x0000000000000000        0x0 binaries/kprintf.o
 .note.GNU-stack
                0x0000000000000000        0x0 binaries/main.o
 .note.GNU-stack
                0x0000000000000000        0x0 binaries/mark.o
 .note.GNU-stack
                0x0000000000000000        0x0 binaries/meminit.o
 .note.GNU-stack
                0x0000000000000000        0x0 binaries/mkbufpool.o
 .note.GNU-stack
                0x0000000000000000        0x0 binaries/newqueue.o
 .note.GNU-stack
                0x0000000000000000        0x0 binaries/open.o
 .note.GNU-stack
                0x0000000000000000        0x0 binaries/panic.o
 .note.GNU-stack
                0x0000000000000000        0x0 binaries/pci.o
 .note.GNU-stack
                0x0000000000000000        0x0 binaries/platinit.o
 .note.GNU-stack
                0x0000000000000000        0x0 binaries/ptclear.o
 .note.GNU-stack
                0x0000000000000000        0x0 binaries/ptcount.o
 .note.GNU-stack
                0x0000000000000000        0x0 binaries/ptcreate.o
 .note.GNU-stack
                0x0000000000000000        0x0 binaries/ptdelete.o
 .note.GNU-stack
                0x0000000000000000        0x0 binaries/ptinit.o
 .note.GNU-stack
                0x0000000000000000        0x0 binaries/ptrecv.o
 .note.GNU-stack
                0x0000000000000000        0x0 binaries/ptreset.o
 .note.GNU-stack
                0x0000000000000000        0x0 binaries/ptsend.o
 .note.GNU-stack
                0x0000000000000000        0x0 binaries/putc.o
 .note.GNU-stack
                0x0000000000000000        0x0 binaries/quark_irq.o
 .note.GNU-stack
                0x0000000000000000        0x0 binaries/quark_pdat.o
 .note.GNU-stack
                0x0000000000000000        0x0 binaries/queue.o
 .note.GNU-stack
                0x0000000000000000        0x0 binaries/read.o
 .note.GNU-stack
                0x0000000000000000        0x0 binaries/ready.o
 .note.GNU-stack
                0x0000000000000000        0x0 binaries/receive.o
 .note.GNU-stack
                0x0000000000000000        0x0 binaries/recvclr.o
 .note.GNU-stack
                0x0000000000000000        0x0 binaries/recvtime.o
 .note.GNU-stack
                0x0000000000000000        0x0 binaries/resched.o
 .note.GNU-stack
                0x0000000000000000        0x0 binaries/resume.o
 .note.GNU-stack
                0x0000000000000000        0x0 binaries/seek.o
 .note.GNU-stack
                0x0000000000000000        0x0 binaries/semcount.o
 .note.GNU-stack
                0x0000000000000000        0x0 binaries/semcreate.o
 .note.GNU-stack
                0x0000000000000000        0x0 binaries/semdelete.o
 .note.GNU-stack
                0x0000000000000000        0x0 binaries/semreset.o
 .note.GNU-stack
                0x0000000000000000        0x0 binaries/send.o
 .note.GNU-stack
                0x0000000000000000        0x0 binaries/signal.o
 .note.GNU-stack
                0x0000000000000000        0x0 binaries/signaln.o
 .note.GNU-stack
                0x0000000000000000        0x0 binaries/sleep.o
 .note.GNU-stack
                0x0000000000000000        0x0 binaries/stacktrace.o
 .note.GNU-stack
                0x0000000000000000        0x0 binaries/suspend.o
 .note.GNU-stack
                0x0000000000000000        0x0 binaries/test1.o
 .note.GNU-stack
                0x0000000000000000        0x0 binaries/test2.o
 .note.GNU-stack
                0x0000000000000000        0x0 binaries/test.o
 .note.GNU-stack
                0x0000000000000000        0x0 binaries/unsleep.o
 .note.GNU-stack
                0x0000000000000000        0x0 binaries/userret.o
 .note.GNU-stack
                0x0000000000000000        0x0 binaries/wait.o
 .note.GNU-stack
                0x0000000000000000        0x0 binaries/wakeup.o
 .note.GNU-stack
                0x0000000000000000        0x0 binaries/write.o
 .note.GNU-stack
                0x0000000000000000        0x0 binaries/xdone.o
 .note.GNU-stack
                0x0000000000000000        0x0 binaries/yield.o
 .note.GNU-stack
                0x0000000000000000        0x0 binaries/abs.o
 .note.GNU-stack
                0x0000000000000000        0x0 binaries/atoi.o
 .note.GNU-stack
                0x0000000000000000        0x0 binaries/atol.o
 .note.GNU-stack
                0x0000000000000000        0x0 binaries/bzero.o
 .note.GNU-stack
                0x0000000000000000        0x0 binaries/ctype_.o
 .note.GNU-stack
                0x0000000000000000        0x0 binaries/doprnt.o
 .note.GNU-stack
                0x0000000000000000        0x0 binaries/doscan.o
 .note.GNU-stack
                0x0000000000000000        0x0 binaries/fdoprnt.o
 .note.GNU-stack
                0x0000000000000000        0x0 binaries/fgetc.o
 .note.GNU-stack
                0x0000000000000000        0x0 binaries/fgets.o
 .note.GNU-stack
                0x0000000000000000        0x0 binaries/fprintf.o
 .note.GNU-stack
                0x0000000000000000        0x0 binaries/fputc.o
 .note.GNU-stack
                0x0000000000000000        0x0 binaries/fputs.o
 .note.GNU-stack
                0x0000000000000000        0x0 binaries/fscanf.o
 .note.GNU-stack
                0x0000000000000000        0x0 binaries/getchar.o
 .note.GNU-stack
                0x0000000000000000        0x0 binaries/labs.o
 .note.GNU-stack
                0x0000000000000000        0x0 binaries/memchr.o
 .note.GNU-stack
                0x0000000000000000        0x0 binaries/memcmp.o
 .note.GNU-stack
                0x0000000000000000        0x0 binaries/memcpy.o
 .note.GNU-stack
                0x0000000000000000        0x0 binaries/memset.o
 .note.GNU-stack
                0x0000000000000000        0x0 binaries/printf.o
 .note.GNU-stack
                0x0000000000000000        0x0 binaries/putchar.o
 .note.GNU-stack
                0x0000000000000000        0x0 binaries/qsort.o
 .note.GNU-stack
                0x0000000000000000        0x0 binaries/rand.o
 .note.GNU-stack
                0x0000000000000000        0x0 binaries/sprintf.o
 .note.GNU-stack
                0x0000000000000000        0x0 binaries/sscanf.o
 .note.GNU-stack
                0x0000000000000000        0x0 binaries/strchr.o
 .note.GNU-stack
                0x0000000000000000        0x0 binaries/strcmp.o
 .note.GNU-stack
                0x0000000000000000        0x0 binaries/strcpy.o
 .note.GNU-stack
                0x0000000000000000        0x0 binaries/strlen.o
 .note.GNU-stack
                0x0000000000000000        0x0 binaries/strncat.o
 .note.GNU-stack
                0x0000000000000000        0x0 binaries/strncmp.o
 .note.GNU-stack
                0x0000000000000000        0x0 binaries/strncpy.o
 .note.GNU-stack
                0x0000000000000000        0x0 binaries/strnlen.o
 .note.GNU-stack
                0x0000000000000000        0x0 binaries/strrchr.o
 .note.GNU-stack
                0x0000000000000000        0x0 binaries/strstr.o
 .note.GNU-stack
                0x0000000000000000        0x0 binaries/ttycontrol.o
 .note.GNU-stack
                0x0000000000000000        0x0 binaries/ttygetc.o
 .note.GNU-stack
                0x0000000000000000        0x0 binaries/ttyhandle_in.o
 .note.GNU-stack
                0x0000000000000000        0x0 binaries/ttyhandle_out.o
 .note.GNU-stack
                0x0000000000000000        0x0 binaries/ttyhandler.o
 .note.GNU-stack
                0x0000000000000000        0x0 binaries/ttyinit.o
 .note.GNU-stack
                0x0000000000000000        0x0 binaries/ttykickout.o
 .note.GNU-stack
                0x0000000000000000        0x0 binaries/ttyputc.o
 .note.GNU-stack
                0x0000000000000000        0x0 binaries/ttyread.o
 .note.GNU-stack
                0x0000000000000000        0x0 binaries/ttywrite.o
 .note.GNU-stack
                0x0000000000000000        0x0 binaries/mount.o
 .note.GNU-stack
                0x0000000000000000        0x0 binaries/naminit.o
 .note.GNU-stack
                0x0000000000000000        0x0 binaries/nammap.o
 .note.GNU-stack
                0x0000000000000000        0x0 binaries/namopen.o
 .note.GNU-stack
                0x0000000000000000        0x0 binaries/ethcontrol.o
 .note.GNU-stack
                0x0000000000000000        0x0 binaries/ethhandler.o
 .note.GNU-stack
                0x0000000000000000        0x0 binaries/ethinit.o
 .note.GNU-stack
                0x0000000000000000        0x0 binaries/ethmcast.o
 .note.GNU-stack
                0x0000000000000000        0x0 binaries/ethread.o
 .note.GNU-stack
                0x0000000000000000        0x0 binaries/ethwrite.o
 .note.GNU-stack
                0x0000000000000000        0x0 binaries/rdsbufalloc.o
 .note.GNU-stack
                0x0000000000000000        0x0 binaries/rdsclose.o
 .note.GNU-stack
                0x0000000000000000        0x0 binaries/rdscomm.o
 .note.GNU-stack
                0x0000000000000000        0x0 binaries/rdscontrol.o
 .note.GNU-stack
                0x0000000000000000        0x0 binaries/rdsinit.o
 .note.GNU-stack
                0x0000000000000000        0x0 binaries/rdsopen.o
 .note.GNU-stack
                0x0000000000000000        0x0 binaries/rdsprocess.o
 .note.GNU-stack
                0x0000000000000000        0x0 binaries/rdsread.o
 .note.GNU-stack
                0x0000000000000000        0x0 binaries/rdswrite.o
 .note.GNU-stack
                0x0000000000000000        0x0 binaries/ramclose.o
 .note.GNU-stack
                0x0000000000000000        0x0 binaries/raminit.o
 .note.GNU-stack
                0x0000000000000000        0x0 binaries/ramopen.o
 .note.GNU-stack
                0x0000000000000000        0x0 binaries/ramread.o
 .note.GNU-stack
                0x0000000000000000        0x0 binaries/ramwrite.o
 .note.GNU-stack
                0x0000000000000000        0x0 binaries/lfdballoc.o
 .note.GNU-stack
                0x0000000000000000        0x0 binaries/lfdbfree.o
 .note.GNU-stack
                0x0000000000000000        0x0 binaries/lfflush.o
 .note.GNU-stack
                0x0000000000000000        0x0 binaries/lfgetmode.o
 .note.GNU-stack
                0x0000000000000000        0x0 binaries/lfiballoc.o
 .note.GNU-stack
                0x0000000000000000        0x0 binaries/lfibclear.o
 .note.GNU-stack
                0x0000000000000000        0x0 binaries/lfibget.o
 .note.GNU-stack
                0x0000000000000000        0x0 binaries/lfibput.o
 .note.GNU-stack
                0x0000000000000000        0x0 binaries/lflclose.o
 .note.GNU-stack
                0x0000000000000000        0x0 binaries/lflcontrol.o
 .note.GNU-stack
                0x0000000000000000        0x0 binaries/lflgetc.o
 .note.GNU-stack
                0x0000000000000000        0x0 binaries/lflinit.o
 .note.GNU-stack
                0x0000000000000000        0x0 binaries/lflputc.o
 .note.GNU-stack
                0x0000000000000000        0x0 binaries/lflread.o
 .note.GNU-stack
                0x0000000000000000        0x0 binaries/lflseek.o
 .note.GNU-stack
                0x0000000000000000        0x0 binaries/lflwrite.o
 .note.GNU-stack
                0x0000000000000000        0x0 binaries/lfscheck.o
 .note.GNU-stack
                0x0000000000000000        0x0 binaries/lfsckfmt.o
 .note.GNU-stack
                0x0000000000000000        0x0 binaries/lfscreate.o
 .note.GNU-stack
                0x0000000000000000        0x0 binaries/lfsetup.o
 .note.GNU-stack
                0x0000000000000000        0x0 binaries/lfsinit.o
 .note.GNU-stack
                0x0000000000000000        0x0 binaries/lfsopen.o
 .note.GNU-stack
                0x0000000000000000        0x0 binaries/lftruncate.o
 .note.GNU-stack
                0x0000000000000000        0x0 binaries/rflclose.o
 .note.GNU-stack
                0x0000000000000000        0x0 binaries/rflgetc.o
 .note.GNU-stack
                0x0000000000000000        0x0 binaries/rflinit.o
 .note.GNU-stack
                0x0000000000000000        0x0 binaries/rflputc.o
 .note.GNU-stack
                0x0000000000000000        0x0 binaries/rflread.o
 .note.GNU-stack
                0x0000000000000000        0x0 binaries/rflseek.o
 .note.GNU-stack
                0x0000000000000000        0x0 binaries/rflwrite.o
 .note.GNU-stack
                0x0000000000000000        0x0 binaries/rfscomm.o
 .note.GNU-stack
                0x0000000000000000        0x0 binaries/rfscontrol.o
 .note.GNU-stack
                0x0000000000000000        0x0 binaries/rfsgetmode.o
 .note.GNU-stack
                0x0000000000000000        0x0 binaries/rfsinit.o
 .note.GNU-stack
                0x0000000000000000        0x0 binaries/rfsndmsg.o
 .note.GNU-stack
                0x0000000000000000        0x0 binaries/rfsopen.o
 .note.GNU-stack
                0x0000000000000000        0x0 binaries/arp.o
 .note.GNU-stack
                0x0000000000000000        0x0 binaries/dhcp.o
 .note.GNU-stack
                0x0000000000000000        0x0 binaries/dns.o
 .note.GNU-stack
                0x0000000000000000        0x0 binaries/dot2ip.o
 .note.GNU-stack
                0x0000000000000000        0x0 binaries/hexdump.o
 .note.GNU-stack
                0x0000000000000000        0x0 binaries/icmp.o
 .note.GNU-stack
                0x0000000000000000        0x0 binaries/ip.o
 .note.GNU-stack
                0x0000000000000000        0x0 binaries/net.o
 .note.GNU-stack
                0x0000000000000000        0x0 binaries/pdump.o
 .note.GNU-stack
                0x0000000000000000        0x0 binaries/tftp.o
 .note.GNU-stack
                0x0000000000000000        0x0 binaries/udp.o
 .note.GNU-stack
                0x0000000000000000        0x0 binaries/addargs.o
 .note.GNU-stack
                0x0000000000000000        0x0 binaries/lexan.o
 .note.GNU-stack
                0x0000000000000000        0x0 binaries/shell.o
 .note.GNU-stack
                0x0000000000000000        0x0 binaries/xsh_argecho.o
 .note.GNU-stack
                0x0000000000000000        0x0 binaries/xsh_arp.o
 .note.GNU-stack
                0x0000000000000000        0x0 binaries/xsh_cat.o
 .note.GNU-stack
                0x0000000000000000        0x0 binaries/xsh_clear.o
 .note.GNU-stack
                0x0000000000000000        0x0 binaries/xsh_date.o
 .note.GNU-stack
                0x0000000000000000        0x0 binaries/xsh_devdump.o
 .note.GNU-stack
                0x0000000000000000        0x0 binaries/xsh_echo.o
 .note.GNU-stack
                0x0000000000000000        0x0 binaries/xsh_exit.o
 .note.GNU-stack
                0x0000000000000000        0x0 binaries/xsh_help.o
 .note.GNU-stack
                0x0000000000000000        0x0 binaries/xsh_kill.o
 .note.GNU-stack
                0x0000000000000000        0x0 binaries/xsh_memdump.o
 .note.GNU-stack
                0x0000000000000000        0x0 binaries/xsh_memstat.o
 .note.GNU-stack
                0x0000000000000000        0x0 binaries/xsh_netinfo.o
 .note.GNU-stack
                0x0000000000000000        0x0 binaries/xsh_ping.o
 .note.GNU-stack
                0x0000000000000000        0x0 binaries/xsh_ps.o
 .note.GNU-stack
                0x0000000000000000        0x0 binaries/xsh_sleep.o
 .note.GNU-stack
                0x0000000000000000        0x0 binaries/xsh_udpdump.o
 .note.GNU-stack
                0x0000000000000000        0x0 binaries/xsh_udpecho.o
 .note.GNU-stack
                0x0000000000000000        0x0 binaries/xsh_udpserver.o
 .note.GNU-stack
                0x0000000000000000        0x0 binaries/xsh_uptime.o
